<html>
<body>
<pre>
<h1>µVision Build Log</h1>
<h2>Project:</h2>
D:\my works\ARM\Program\8. UART\UART0\UART0_Str Disp\UART0_Str Disp.uvproj
Project File Date:  12/08/2016

<h2>Output:</h2>
Build target 'Target 1'
compiling UART0_Str Disp.c...
linking...
Program Size: Code=780 RO-data=16 RW-data=0 ZI-data=1256  
FromELF: creating hex file...
"UART0_Str Disp.axf" - 0 Error(s), 0 Warning(s).
Build target 'Target 1'
compiling UART0_Str Disp.c...
linking...
Program Size: Code=812 RO-data=16 RW-data=0 ZI-data=1256  
FromELF: creating hex file...
"UART0_Str Disp.axf" - 0 Error(s), 0 Warning(s).
Build target 'Target 1'
compiling UART0_Str Disp.c...
UART0_Str Disp.c(53): error:  #7: unrecognized token
UART0_Str Disp.c(53): error:  #18: expected a ")"
Target not created
Build target 'Target 1'
compiling UART0_Str Disp.c...
linking...
Program Size: Code=836 RO-data=16 RW-data=0 ZI-data=1256  
FromELF: creating hex file...
"UART0_Str Disp.axf" - 0 Error(s), 0 Warning(s).
Build target 'Target 1'
compiling UART0_Str Disp.c...
UART0_Str Disp.c(54): error:  #7: unrecognized token
UART0_Str Disp.c(54): error:  #29: expected an expression
Target not created
Build target 'Target 1'
compiling UART0_Str Disp.c...
linking...
Program Size: Code=824 RO-data=16 RW-data=0 ZI-data=1256  
FromELF: creating hex file...
"UART0_Str Disp.axf" - 0 Error(s), 0 Warning(s).
